[0.006s][info][gc] Using Serial
[34.530s][info][gc] GC(0) Pause Young (Allocation Failure) 5M->2M(19M) 3.220ms
[34.544s][info][gc] GC(1) Pause Young (Allocation Failure) 8M->5M(19M) 3.932ms
[34.557s][info][gc] GC(2) Pause Young (Allocation Failure) 11M->8M(19M) 3.031ms
[34.568s][info][gc] GC(3) Pause Young (Allocation Failure) 13M->11M(19M) 2.931ms
[34.580s][info][gc] GC(4) Pause Young (Allocation Failure) 16M->16M(19M) 0.022ms
[34.592s][info][gc] GC(5) Pause Full (Allocation Failure) 16M->9M(19M) 11.178ms
[120.457s][info][gc] GC(6) Pause Young (Allocation Failure) 15M->12M(19M) 7.468ms
[120.464s][info][gc] GC(7) Pause Young (Allocation Failure) 18M->18M(19M) 0.021ms
[120.471s][info][gc] GC(8) Pause Full (Allocation Failure) 18M->7M(19M) 7.662ms
[120.481s][info][gc] GC(9) Pause Young (Allocation Failure) 12M->10M(19M) 2.930ms
[120.490s][info][gc] GC(10) Pause Young (Allocation Failure) 15M->13M(19M) 2.528ms
[120.495s][info][gc] GC(11) Pause Young (Allocation Failure) 18M->18M(19M) 0.018ms
[120.504s][info][gc] GC(12) Pause Full (Allocation Failure) 18M->8M(19M) 8.806ms
